{
  "audit_id": "4f78389c97137732d2d5d002747a519b45e940082cda9b0a4000ee0aa2c890d0",
  "entity_backed_recall": 0.6331908123694939,
  "lodo_fold_outcome_counts": {
    "unanimous_exact": 15,
    "unanimous_wrong": 12,
    "unidentified:None": 16,
    "unidentified:cross_demo_delta_inconsistent": 184,
    "unidentified:delta_semantics_inconsistent": 837,
    "unidentified:provenance_unsupported": 7,
    "unidentified:relation_effect_language_unreachable": 341,
    "unidentified:shape_incompatible": 16
  },
  "parent_failure_counts": {
    "cross_demo_delta_inconsistent": 52,
    "delta_semantics_inconsistent": 220,
    "identified": 4,
    "provenance_unsupported": 2,
    "relation_effect_language_unreachable": 94,
    "shape_incompatible": 8
  },
  "query_gold_read": false,
  "source_backed_recall": 0.9775877498259918,
  "task_count": 100,
  "terminal_reason_counts": {
    "cross_demo_delta_inconsistent": 13,
    "delta_semantics_inconsistent": 54,
    "no_scene_parent": 5,
    "relation_effect_language_unreachable": 24,
    "shape_incompatible": 2,
    "strict_but_baseline_redundant": 2
  }
}
