{
  "controller_training_started": false,
  "freeze_id": "1d6eeecc4c0aab4d6332ecafc49d4e853ff50de0f5b0e251ee3929d38f786fac",
  "frontier_evaluated": false,
  "frontier_gate_passed": false,
  "opportunity_count": 0,
  "opportunity_family_count": 0,
  "query_gold_read": false,
  "sensor": {
    "advantage_over_strongest_baseline": 0,
    "baseline_task_counts": {
      "component": 2,
      "global": 2,
      "identity": 0
    },
    "method_family_count": 1,
    "method_task_count": 2,
    "passed": false,
    "strongest_baseline": "component",
    "strongest_baseline_task_count": 2,
    "thresholds": {
      "minimum_advantage": 3,
      "minimum_method_families": 3,
      "minimum_method_tasks": 5,
      "minimum_unique_families": 2
    },
    "unique_over_all_baselines_family_count": 0,
    "unique_over_all_baselines_task_count": 0
  },
  "task_count": 100
}
