scan 1: 9f5f939b
scan result 9f5f939b: no_demo_exact_single_slot_neighbor
scan 2: 8e301a54
scan result 8e301a54: no_demo_exact_single_slot_neighbor
scan 3: 2601afb7
scan result 2601afb7: no_demo_exact_single_slot_neighbor
scan 4: 1efba499
scan result 1efba499: no_demo_exact_single_slot_neighbor
scan 5: a1aa0c1e
scan result a1aa0c1e: no_demo_exact_single_slot_neighbor
scan 6: dce56571
scan result dce56571: no_demo_exact_single_slot_neighbor
scan 7: df9fd884
scan result df9fd884: no_demo_exact_single_slot_neighbor
scan 8: e048c9ed
scan result e048c9ed: no_demo_exact_single_slot_neighbor
scan 9: 7d7772cc
scan result 7d7772cc: no_demo_exact_single_slot_neighbor
scan 10: 6ffe8f07
scan result 6ffe8f07: family_scan_timeout
scan 11: e4941b18
scan result e4941b18: no_demo_exact_single_slot_neighbor
scan 12: 342ae2ed
scan result 342ae2ed: no_demo_exact_single_slot_neighbor
scan 13: 652646ff
scan result 652646ff: no_demo_exact_single_slot_neighbor
scan 14: afe3afe9
scan result afe3afe9: no_demo_exact_single_slot_neighbor
scan 15: b7955b3c
scan result b7955b3c: no_demo_exact_single_slot_neighbor
scan 16: 5034a0b5
scan result 5034a0b5: no_demo_exact_single_slot_neighbor
scan 17: f8cc533f
scan result f8cc533f: no_demo_exact_single_slot_neighbor
scan 18: 1e5d6875
scan result 1e5d6875: no_demo_exact_single_slot_neighbor
scan 19: 8abad3cf
scan result 8abad3cf: no_demo_exact_single_slot_neighbor
scan 20: d6e50e54
scan result d6e50e54: no_demo_exact_single_slot_neighbor
scan 21: c920a713
scan result c920a713: no_demo_exact_single_slot_neighbor
scan 22: ba1aa698
scan result ba1aa698: no_demo_exact_single_slot_neighbor
scan 23: 22208ba4
scan result 22208ba4: no_demo_exact_single_slot_neighbor
scan 24: 60d73be6
scan result 60d73be6: no_demo_exact_single_slot_neighbor
scan 25: 5e6bbc0b
scan result 5e6bbc0b: no_demo_exact_single_slot_neighbor
scan 26: d93c6891
scan result d93c6891: no_demo_exact_single_slot_neighbor
scan 27: c803e39c
scan result c803e39c: no_demo_exact_single_slot_neighbor
scan 28: 2e65ae53
scan result 2e65ae53: no_demo_exact_single_slot_neighbor
scan 29: fc10701f
scan result fc10701f: no_demo_exact_single_slot_neighbor
scan 30: aaef0977
scan result aaef0977: no_demo_exact_single_slot_neighbor
scan 31: 9473c6fb
scan result 9473c6fb: no_demo_exact_single_slot_neighbor
scan 32: dc46ea44
scan result dc46ea44: no_demo_exact_single_slot_neighbor
scan 33: a416fc5b
scan result a416fc5b: duplicate_generated_pair
scan 34: 42f83767
scan result 42f83767: no_demo_exact_single_slot_neighbor
scan 35: bd283c4a
scan result bd283c4a: no_demo_exact_single_slot_neighbor
scan 36: 5ad8a7c0
scan result 5ad8a7c0: no_demo_exact_single_slot_neighbor
scan 37: f3e14006
scan result f3e14006: no_demo_exact_single_slot_neighbor
scan 38: e3f79277
scan result e3f79277: duplicate_generated_pair
scan 39: 465b7d93
scan result 465b7d93: no_demo_exact_single_slot_neighbor
scan 40: 6cbe9eb8
scan result 6cbe9eb8: no_demo_exact_single_slot_neighbor
scan 41: 3cd86f4f
scan result 3cd86f4f: no_demo_exact_single_slot_neighbor
scan 42: 42f14c03
scan result 42f14c03: no_demo_exact_single_slot_neighbor
scan 43: 22425bda
scan result 22425bda: no_demo_exact_single_slot_neighbor
scan 44: 458e3a53
scan result 458e3a53: family_scan_timeout
scan 45: 11dc524f
scan result 11dc524f: no_demo_exact_single_slot_neighbor
scan 46: 182e5d0f
scan result 182e5d0f: no_demo_exact_single_slot_neighbor
scan 47: 33067df9
scan result 33067df9: no_demo_exact_single_slot_neighbor
scan 48: 13f06aa5
scan result 13f06aa5: no_demo_exact_single_slot_neighbor
scan 49: 1a244afd
scan result 1a244afd: no_demo_exact_single_slot_neighbor
scan 50: 52df9849
scan result 52df9849: no_demo_exact_single_slot_neighbor
scan 51: 79cce52d
scan result 79cce52d: no_demo_exact_single_slot_neighbor
scan 52: 7ec998c9
scan result 7ec998c9: no_demo_exact_single_slot_neighbor
scan 53: c61be7dc
scan result c61be7dc: no_demo_exact_single_slot_neighbor
scan 54: 689c358e
scan result 689c358e: no_demo_exact_single_slot_neighbor
scan 55: 6d1d5c90
scan result 6d1d5c90: no_demo_exact_single_slot_neighbor
scan 56: 50c07299
scan result 50c07299: no_demo_exact_single_slot_neighbor
scan 57: 15660dd6
scan result 15660dd6: no_demo_exact_single_slot_neighbor
scan 58: d749d46f
scan result d749d46f: generated_grid_out_of_scope
scan 59: 5792cb4d
scan result 5792cb4d: no_demo_exact_single_slot_neighbor
scan 60: db7260a4
scan result db7260a4: no_demo_exact_single_slot_neighbor
scan 61: 538b439f
scan result 538b439f: no_demo_exact_single_slot_neighbor
scan 62: 34cfa167
scan result 34cfa167: no_demo_exact_single_slot_neighbor
scan 63: ff2825db
scan result ff2825db: no_demo_exact_single_slot_neighbor
scan 64: 1478ab18
scan result 1478ab18: no_demo_exact_single_slot_neighbor
scan 65: 6ca952ad
scan result 6ca952ad: no_demo_exact_single_slot_neighbor
scan 66: 83b6b474
scan result 83b6b474: no_demo_exact_single_slot_neighbor
scan 67: 337b420f
scan result 337b420f: no_demo_exact_single_slot_neighbor
scan 68: 278e5215
scan result 278e5215: no_demo_exact_single_slot_neighbor
scan 69: 5ecac7f7
scan result 5ecac7f7: no_demo_exact_single_slot_neighbor
scan 70: 18286ef8
scan result 18286ef8: no_demo_exact_single_slot_neighbor
scan 71: e734a0e8
scan result e734a0e8: no_demo_exact_single_slot_neighbor
scan 72: ad38a9d0
scan result ad38a9d0: no_demo_exact_single_slot_neighbor
scan 73: 7e4d4f7c
scan result 7e4d4f7c: no_demo_exact_single_slot_neighbor
scan 74: a644e277
scan result a644e277: no_demo_exact_single_slot_neighbor
scan 75: 305b1341
scan result 305b1341: no_demo_exact_single_slot_neighbor
scan 76: 342dd610
scan result 342dd610: no_demo_exact_single_slot_neighbor
scan 77: 84ba50d3
scan result 84ba50d3: no_demo_exact_single_slot_neighbor
scan 78: d968ffd4
scan result d968ffd4: no_demo_exact_single_slot_neighbor
scan 79: cf5fd0ad
scan result cf5fd0ad: no_demo_exact_single_slot_neighbor
scan 80: d255d7a7
scan result d255d7a7: no_demo_exact_single_slot_neighbor
scan 81: 2faf500b
scan result 2faf500b: no_demo_exact_single_slot_neighbor
scan 82: 9344f635
scan result 9344f635: no_demo_exact_single_slot_neighbor
scan 83: 8886d717
scan result 8886d717: no_demo_exact_single_slot_neighbor
scan 84: 17b866bd
scan result 17b866bd: no_demo_exact_single_slot_neighbor
scan 85: 46c35fc7
scan result 46c35fc7: no_demo_exact_single_slot_neighbor
scan 86: 48634b99
scan result 48634b99: no_demo_exact_single_slot_neighbor
scan 87: 985ae207
scan result 985ae207: no_demo_exact_single_slot_neighbor
scan 88: 833966f4
scan result 833966f4: no_demo_exact_single_slot_neighbor
scan 89: 6a980be1
scan result 6a980be1: no_demo_exact_single_slot_neighbor
scan 90: fc4aaf52
scan result fc4aaf52: no_demo_exact_single_slot_neighbor
scan 91: 9f8de559
scan result 9f8de559: no_demo_exact_single_slot_neighbor
scan 92: 522fdd07
scan result 522fdd07: no_demo_exact_single_slot_neighbor
scan 93: e84fef15
scan result e84fef15: no_demo_exact_single_slot_neighbor
scan 94: 5b37cb25
scan result 5b37cb25: no_demo_exact_single_slot_neighbor
scan 95: db118e2a
scan result db118e2a: no_demo_exact_single_slot_neighbor
scan 96: 1190bc91
scan result 1190bc91: no_demo_exact_single_slot_neighbor
scan 97: 3d6c6e23
scan result 3d6c6e23: no_demo_exact_single_slot_neighbor
scan 98: bd5af378
scan result bd5af378: no_demo_exact_single_slot_neighbor
scan 99: 9f41bd9c
scan result 9f41bd9c: no_demo_exact_single_slot_neighbor
scan 100: 25e02866
scan result 25e02866: no_demo_exact_single_slot_neighbor
scan 101: 80214e03
scan result 80214e03: no_demo_exact_single_slot_neighbor
scan 102: a834deea
scan result a834deea: no_demo_exact_single_slot_neighbor
scan 103: 996ec1f3
scan result 996ec1f3: no_demo_exact_single_slot_neighbor
scan 104: 99caaf76
scan result 99caaf76: no_demo_exact_single_slot_neighbor
scan 105: fd02da9e
scan result fd02da9e: no_demo_exact_single_slot_neighbor
scan 106: 9968a131
scan result 9968a131: no_demo_exact_single_slot_neighbor
scan 107: 95755ff2
scan result 95755ff2: no_demo_exact_single_slot_neighbor
scan 108: 758abdf0
scan result 758abdf0: no_demo_exact_single_slot_neighbor
scan 109: 1be83260
scan result 1be83260: no_demo_exact_single_slot_neighbor
scan 110: 4a1cacc2
scan result 4a1cacc2: no_demo_exact_single_slot_neighbor
scan 111: 981add89
scan result 981add89: no_demo_exact_single_slot_neighbor
scan 112: b2bc3ffd
scan result b2bc3ffd: no_demo_exact_single_slot_neighbor
scan 113: f28a3cbb
scan result f28a3cbb: no_demo_exact_single_slot_neighbor
scan 114: 84551f4c
scan result 84551f4c: no_demo_exact_single_slot_neighbor
scan 115: abbfd121
scan result abbfd121: no_demo_exact_single_slot_neighbor
scan 116: 973e499e
scan result 973e499e: no_demo_exact_single_slot_neighbor
scan 117: 8618d23e
scan result 8618d23e: no_demo_exact_single_slot_neighbor
scan 118: 668eec9a
scan result 668eec9a: no_demo_exact_single_slot_neighbor
scan 119: 963c33f8
scan result 963c33f8: no_demo_exact_single_slot_neighbor
scan 120: 7e576d6e
scan result 7e576d6e: no_demo_exact_single_slot_neighbor
scan 121: 5d588b4d
scan result 5d588b4d: no_demo_exact_single_slot_neighbor
scan 122: 18447a8d
scan result 18447a8d: no_demo_exact_single_slot_neighbor
scan 123: 3bd292e8
scan result 3bd292e8: no_demo_exact_single_slot_neighbor
scan 124: 68bc2e87
scan result 68bc2e87: no_demo_exact_single_slot_neighbor
scan 125: b7256dcd
scan result b7256dcd: no_demo_exact_single_slot_neighbor
scan 126: edcc2ff0
scan result edcc2ff0: no_demo_exact_single_slot_neighbor
scan 127: 5751f35e
scan result 5751f35e: no_demo_exact_single_slot_neighbor
scan 128: 4e7e0eb9
scan result 4e7e0eb9: no_demo_exact_single_slot_neighbor
scan 129: 41ace6b5
scan result 41ace6b5: no_demo_exact_single_slot_neighbor
scan 130: 58c02a16
scan result 58c02a16: no_demo_exact_single_slot_neighbor
scan 131: f1bcbc2c
scan result f1bcbc2c: no_demo_exact_single_slot_neighbor
scan 132: 9caf5b84
scan result 9caf5b84: no_demo_exact_single_slot_neighbor
scan 133: b25e450b
scan result b25e450b: no_demo_exact_single_slot_neighbor
scan 134: 332202d5
scan result 332202d5: no_demo_exact_single_slot_neighbor
scan 135: ad173014
scan result ad173014: no_demo_exact_single_slot_neighbor
scan 136: fbf15a0b
scan result fbf15a0b: no_demo_exact_single_slot_neighbor
scan 137: ac6f9922
scan result ac6f9922: no_demo_exact_single_slot_neighbor
scan 138: 494ef9d7
scan result 494ef9d7: no_demo_exact_single_slot_neighbor
scan 139: e3fe1151
scan result e3fe1151: no_demo_exact_single_slot_neighbor
Traceback (most recent call last):
  File "/home/wangmeiqi/codex_runs/symbolic_logic_arc_online_control_20260724/repo/arc_functional_transition_solver/scripts/build_arcgen_visual_trace_repair_cohort.py", line 779, in <module>
    main()
    ~~~~^^
  File "/home/wangmeiqi/codex_runs/symbolic_logic_arc_online_control_20260724/repo/arc_functional_transition_solver/scripts/build_arcgen_visual_trace_repair_cohort.py", line 683, in main
    raise ValueError(
        f"only {len(records)} repairable fresh families found after {scanned} scans"
    )
ValueError: only 0 repairable fresh families found after 139 scans
